core_cm7.h:2229:22:SCB_EnableICache	4	static,ignoring_inline_asm
core_cm7.h:2281:22:SCB_EnableDCache	24	static,ignoring_inline_asm
main.c:191:6:HAL_TIM_PeriodElapsedCallback	16	static
main.c:215:5:main	16	static
main.c:328:6:SystemClock_Config	232	static
main.c:392:13:MX_ADC1_Init	24	static
main.c:442:13:MX_DMA2D_Init	8	static
main.c:481:13:MX_DSIHOST_DSI_Init	176	static
main.c:590:13:MX_LTDC_Init	112	static
main.c:672:13:MX_SDMMC2_SD_Init	4	static
main.c:700:13:MX_TIM6_Init	24	static
main.c:738:13:MX_TIM7_Init	24	static
main.c:772:13:MX_FMC_Init	40	static
main.c:823:13:MX_GPIO_Init	64	static
main.c:867:6:HAL_GPIO_EXTI_Callback	16	static
main.c:881:13:LCD_Config	16	static
main.c:892:13:displayGame	80	static
main.c:966:13:displayTemperature	112	static
main.c:990:6:showGameTime	112	static
main.c:1015:6:showRoundTimeLeft	64	static
main.c:1042:6:jogadaHH	80	static
main.c:1219:6:jogadaHA	80	static
main.c:1404:6:menu	72	static
main.c:1473:6:LoadInitialBoard	24	static
main.c:1511:6:checkNumberOfPieces	16	static
main.c:1535:9:checkPossiblePlaysforArM	80	static
main.c:1581:6:checkAvailable	24	static
main.c:1607:6:checkAdjacent	32	static
main.c:1637:6:checkMoreOponentPieces	56	static
main.c:1661:6:drawPieces	24	static
main.c:1681:6:turnPieces	32	static
main.c:1715:6:gameOver	296	static
main.c:1822:6:InterruptResetWithBlueButton	8	static
main.c:1844:6:Error_Handler	8	static
