core_cm7.h:2229:22:SCB_EnableICache	4	static,ignoring_inline_asm
core_cm7.h:2281:22:SCB_EnableDCache	24	static,ignoring_inline_asm
main.c:190:6:HAL_TIM_PeriodElapsedCallback	16	static
main.c:214:5:main	16	static
main.c:327:6:SystemClock_Config	232	static
main.c:391:13:MX_ADC1_Init	24	static
main.c:441:13:MX_DMA2D_Init	8	static
main.c:480:13:MX_DSIHOST_DSI_Init	176	static
main.c:589:13:MX_LTDC_Init	112	static
main.c:671:13:MX_SDMMC2_SD_Init	4	static
main.c:699:13:MX_TIM6_Init	24	static
main.c:737:13:MX_TIM7_Init	24	static
main.c:771:13:MX_FMC_Init	40	static
main.c:822:13:MX_GPIO_Init	64	static
main.c:866:6:HAL_GPIO_EXTI_Callback	16	static
main.c:880:13:LCD_Config	16	static
main.c:891:13:displayGame	80	static
main.c:965:13:displayTemperature	112	static
main.c:989:6:showGameTime	112	static
main.c:1014:6:showRoundTimeLeft	64	static
main.c:1040:6:jogadaHH	88	static
main.c:1183:6:jogadaHA	88	static
main.c:1335:6:menu	72	static
main.c:1407:6:LoadInitialBoard	24	static
main.c:1447:6:checkNumberOfPieces	16	static
main.c:1472:9:checkPossiblePlaysforArM	80	static
main.c:1519:6:checkAvailable	24	static
main.c:1547:6:checkAdjacent	32	static
main.c:1577:6:checkMoreOponentPieces	16	static
main.c:1605:6:drawPieces	24	static
main.c:1625:6:turnPieces	32	static
main.c:1661:6:gameOver	296	static
main.c:1743:6:InterruptResetWithBlueButton	8	static
main.c:1765:6:Error_Handler	8	static
