core_cm7.h:2229:22:SCB_EnableICache	4	static,ignoring_inline_asm
core_cm7.h:2281:22:SCB_EnableDCache	24	static,ignoring_inline_asm
main.c:203:6:HAL_TIM_PeriodElapsedCallback	16	static
main.c:227:5:main	16	static
main.c:347:6:SystemClock_Config	232	static
main.c:411:13:MX_ADC1_Init	24	static
main.c:461:13:MX_DMA2D_Init	8	static
main.c:500:13:MX_DSIHOST_DSI_Init	176	static
main.c:609:13:MX_LTDC_Init	112	static
main.c:691:13:MX_SDMMC2_SD_Init	4	static
main.c:719:13:MX_TIM6_Init	24	static
main.c:757:13:MX_TIM7_Init	24	static
main.c:791:13:MX_FMC_Init	40	static
main.c:842:13:MX_GPIO_Init	64	static
main.c:886:6:HAL_GPIO_EXTI_Callback	16	static
main.c:900:13:LCD_Config	16	static
main.c:911:13:displayGame	80	static
main.c:965:13:displayTemperature	112	static
main.c:989:6:showGameTime	112	static
main.c:1014:6:showRoundTimeLeft	64	static
main.c:1042:6:jogo	16	static
main.c:1086:6:nextRoundPreparation	64	static
main.c:1145:6:clearNoMovestrings	64	static
main.c:1158:6:ClearPlayerRoundInfo	64	static
main.c:1170:6:writePlayerRoundInfo	64	static
main.c:1192:6:placePiece	24	static
main.c:1227:6:jogadaArM	80	static
main.c:1287:6:ckecktimeout	8	static
main.c:1336:6:menu	72	static
main.c:1387:6:InitializeVariables	8	static
main.c:1410:6:LoadInitialBoard	24	static
main.c:1448:6:checkNumberOfPieces	16	static
main.c:1473:9:countAvailableCellsToPlay	24	static
main.c:1493:6:checkAvailable	24	static
main.c:1516:6:checkAdjacent	32	static
main.c:1565:6:turnPieces	32	static
main.c:1608:6:drawPieces	24	static
main.c:1631:6:gameOver	152	static
main.c:1722:6:InterruptResetWithBlueButton	8	static
main.c:1744:6:Error_Handler	8	static
