core_cm7.h:2229:22:SCB_EnableICache	4	static,ignoring_inline_asm
core_cm7.h:2281:22:SCB_EnableDCache	24	static,ignoring_inline_asm
main.c:105:6:HAL_TIM_PeriodElapsedCallback	16	static
main.c:121:5:main	16	static
main.c:213:6:SystemClock_Config	232	static
main.c:274:13:MX_ADC1_Init	24	static
main.c:324:13:MX_DMA2D_Init	8	static
main.c:363:13:MX_DSIHOST_DSI_Init	176	static
main.c:472:13:MX_LTDC_Init	112	static
main.c:554:13:MX_TIM6_Init	24	static
main.c:588:13:MX_FMC_Init	40	static
main.c:639:13:MX_GPIO_Init	64	static
main.c:667:6:HAL_GPIO_EXTI_Callback	16	static
main.c:679:13:LCD_Config	16	static
main.c:690:13:displayGame	80	static
main.c:750:13:displayTemperature	112	static
main.c:769:6:detectBoardTouch	16	static
main.c:804:6:Error_Handler	4	static
