core_cm7.h:2229:22:SCB_EnableICache	4	static,ignoring_inline_asm
core_cm7.h:2281:22:SCB_EnableDCache	24	static,ignoring_inline_asm
main.c:126:6:HAL_TIM_PeriodElapsedCallback	16	static
main.c:150:5:main	16	static
main.c:248:6:SystemClock_Config	232	static
main.c:309:13:MX_ADC1_Init	24	static
main.c:359:13:MX_DMA2D_Init	8	static
main.c:398:13:MX_DSIHOST_DSI_Init	176	static
main.c:507:13:MX_LTDC_Init	112	static
main.c:589:13:MX_TIM6_Init	24	static
main.c:627:13:MX_TIM7_Init	24	static
main.c:661:13:MX_FMC_Init	40	static
main.c:712:13:MX_GPIO_Init	64	static
main.c:740:6:HAL_GPIO_EXTI_Callback	16	static
main.c:749:13:LCD_Config	16	static
main.c:760:13:displayGame	80	static
main.c:836:13:displayTemperature	112	static
main.c:856:6:showGameTime	112	static
main.c:878:6:showRoundTimeLeft	64	static
main.c:901:6:detectBoardTouch	56	static
main.c:981:6:detectMenuTouch	8	static
main.c:1009:6:LoadInitialBoard	16	static
main.c:1040:6:checkAvailable	40	static
main.c:1066:6:checkAdjacent	40	static
main.c:1102:6:checkMoreOponentPieces	24	static
main.c:1126:6:drawPieces	24	static
main.c:1146:6:turnPieces	32	static
main.c:1198:6:Error_Handler	4	static
