core_cm7.h:2229:22:SCB_EnableICache	4	static,ignoring_inline_asm
core_cm7.h:2281:22:SCB_EnableDCache	24	static,ignoring_inline_asm
main.c:207:6:HAL_TIM_PeriodElapsedCallback	16	static
main.c:231:5:main	16	static
main.c:352:6:SystemClock_Config	232	static
main.c:416:13:MX_ADC1_Init	24	static
main.c:466:13:MX_DMA2D_Init	8	static
main.c:505:13:MX_DSIHOST_DSI_Init	176	static
main.c:614:13:MX_LTDC_Init	112	static
main.c:696:13:MX_SDMMC2_SD_Init	4	static
main.c:724:13:MX_TIM6_Init	24	static
main.c:762:13:MX_TIM7_Init	24	static
main.c:796:13:MX_FMC_Init	40	static
main.c:847:13:MX_GPIO_Init	64	static
main.c:891:6:HAL_GPIO_EXTI_Callback	16	static
main.c:905:13:LCD_Config	16	static
main.c:916:13:displayGame	80	static
main.c:970:13:displayTemperature	112	static
main.c:996:6:ResetGameTime	4	static
main.c:1012:6:showGameTime	112	static
main.c:1038:6:showRoundTimeLeft	64	static
main.c:1066:6:jogo	16	static
main.c:1110:6:nextRoundPreparation	64	static
main.c:1169:6:clearNoMovestrings	64	static
main.c:1182:6:ClearPlayerRoundInfo	72	static
main.c:1203:6:writePlayerRoundInfo	72	static
main.c:1266:6:placePiece	24	static
main.c:1301:6:jogadaArM	80	static
main.c:1361:6:ckecktimeout	8	static
main.c:1410:6:menu	72	static
main.c:1461:6:InitializeVariables	8	static
main.c:1484:6:LoadInitialBoard	24	static
main.c:1522:6:checkNumberOfPieces	16	static
main.c:1547:9:countAvailableCellsToPlay	24	static
main.c:1567:6:checkAvailable	24	static
main.c:1590:6:checkAdjacent	32	static
main.c:1639:6:turnPieces	32	static
main.c:1682:6:drawPieces	24	static
main.c:1705:6:gameOver	264	static
main.c:1796:6:InterruptResetWithBlueButton	8	static
main.c:1818:6:Error_Handler	8	static
