core_cm7.h:2229:22:SCB_EnableICache	4	static,ignoring_inline_asm
core_cm7.h:2281:22:SCB_EnableDCache	24	static,ignoring_inline_asm
main.c:185:6:HAL_TIM_PeriodElapsedCallback	16	static
main.c:209:5:main	16	static
main.c:336:6:SystemClock_Config	232	static
main.c:400:13:MX_ADC1_Init	24	static
main.c:450:13:MX_DMA2D_Init	8	static
main.c:489:13:MX_DSIHOST_DSI_Init	176	static
main.c:598:13:MX_LTDC_Init	112	static
main.c:680:13:MX_SDMMC2_SD_Init	4	static
main.c:708:13:MX_TIM6_Init	24	static
main.c:746:13:MX_TIM7_Init	24	static
main.c:780:13:MX_FMC_Init	40	static
main.c:831:13:MX_GPIO_Init	64	static
main.c:875:6:HAL_GPIO_EXTI_Callback	16	static
main.c:889:13:LCD_Config	16	static
main.c:900:13:displayGame	80	static
main.c:974:13:displayTemperature	112	static
main.c:994:6:showGameTime	112	static
main.c:1016:6:showRoundTimeLeft	64	static
main.c:1039:6:jogada	88	static
main.c:1183:6:menu	72	static
main.c:1242:6:LoadInitialBoard	24	static
main.c:1282:6:checkNumberOfPieces	16	static
main.c:1309:6:checkAvailable	40	static
main.c:1335:6:checkAdjacent	40	static
main.c:1371:6:checkMoreOponentPieces	24	static
main.c:1408:6:drawPieces	24	static
main.c:1428:6:turnPieces	32	static
main.c:1474:6:gameOver	296	static
main.c:1563:6:Error_Handler	8	static
