core_cm7.h:2229:22:SCB_EnableICache	4	static,ignoring_inline_asm
core_cm7.h:2281:22:SCB_EnableDCache	24	static,ignoring_inline_asm
main.c:110:6:HAL_TIM_PeriodElapsedCallback	16	static
main.c:126:5:main	16	static
main.c:221:6:SystemClock_Config	232	static
main.c:282:13:MX_ADC1_Init	24	static
main.c:332:13:MX_DMA2D_Init	8	static
main.c:371:13:MX_DSIHOST_DSI_Init	176	static
main.c:480:13:MX_LTDC_Init	112	static
main.c:562:13:MX_TIM1_Init	40	static
main.c:609:13:MX_TIM6_Init	24	static
main.c:643:13:MX_FMC_Init	40	static
main.c:694:13:MX_GPIO_Init	64	static
main.c:722:6:HAL_GPIO_EXTI_Callback	16	static
main.c:732:13:LCD_Config	16	static
main.c:743:13:displayGame	80	static
main.c:805:13:displayTemperature	112	static
main.c:824:6:detectBoardTouch	32	static
main.c:886:6:Error_Handler	4	static
