stm32f7xx_hal_msp.c:64:6:HAL_MspInit	16	static
stm32f7xx_hal_msp.c:86:6:HAL_ADC_MspInit	24	static
stm32f7xx_hal_msp.c:111:6:HAL_ADC_MspDeInit	16	static
stm32f7xx_hal_msp.c:136:6:HAL_DMA2D_MspInit	24	static
stm32f7xx_hal_msp.c:158:6:HAL_DMA2D_MspDeInit	16	static
stm32f7xx_hal_msp.c:180:6:HAL_DSI_MspInit	48	static
stm32f7xx_hal_msp.c:215:6:HAL_DSI_MspDeInit	16	static
stm32f7xx_hal_msp.c:243:6:HAL_LTDC_MspInit	24	static
stm32f7xx_hal_msp.c:265:6:HAL_LTDC_MspDeInit	16	static
stm32f7xx_hal_msp.c:287:6:HAL_TIM_Base_MspInit	24	static
stm32f7xx_hal_msp.c:326:6:HAL_TIM_Base_MspDeInit	16	static
stm32f7xx_hal_msp.c:361:13:HAL_FMC_MspInit	32	static
stm32f7xx_hal_msp.c:496:6:HAL_SDRAM_MspInit	16	static
stm32f7xx_hal_msp.c:508:13:HAL_FMC_MspDeInit	8	static
stm32f7xx_hal_msp.c:607:6:HAL_SDRAM_MspDeInit	16	static
